[index.html]
[backblue.gif]
[fade.gif]
[index.html]
[sites/all/themes/custom/weather/favicon.ico]
[modules/system/system.base4868.css]
[modules/book/book4868.css]
[modules/field/theme/field4868.css]
[modules/search/search4868.css]
[modules/user/user4868.css]
[sites/all/modules/contrib/views/css/views4868.css]
[sites/all/modules/contrib/cookiebot/css/cookiebot4868.css]
[sites/all/modules/contrib/ctools/css/ctools4868.css]
[sites/all/modules/contrib/panels/css/panels4868.css]
[sites/all/modules/contrib/wysiwyg_linebreaks/wysiwyg_linebreaks4868.css]
[sites/all/modules/contrib/flexslider/assets/css/flexslider_img4868.css]
[sites/all/libraries/flexslider/flexslider4868.css]
[sites/all/themes/custom/weather/css/styles4868.css]
[sites/all/modules/contrib/jquery_update/replace/jquery/1.12/jquery.minfac2.js]
[misc/jquery-extend-3.4.0fac2.js]
[misc/jquery-html-prefilter-3.5.0-backportfac2.js]
[misc/jquery.once7839.js]
[misc/drupal4868.js]
[sites/all/modules/contrib/jquery_update/js/jquery_browser241d.js]
[sites/all/modules/contrib/jquery_update/replace/ui/external/jquery.cookie1683.js]
[misc/form-single-submit72b6.js]
[sites/all/modules/contrib/entityreference/js/entityreference4868.js]
[sites/all/libraries/flexslider/jquery.flexslider-min4868.js]
[sites/all/modules/contrib/cookiebot/js/cookiebot4868.js]
[index.html]
[csse6d9.css]
[about-ireland-fellows-programme.html]
[strands.html]
[alumni.html]
[colleges.html]
[country-partners.html]
[contact.html]
[2018-fellows-welcomed-ireland.html]
[case-studies/mekbib-mengesha-kassahun.html]
[overview.html]
[privacy-policy.html]
[cookies.html]
[uc.js]
[modules/system/system.base4868.css]
[modules/book/book4868.css]
[modules/field/theme/field4868.css]
[modules/node/node4868.css]
[modules/search/search4868.css]
[modules/user/user4868.css]
[sites/all/modules/contrib/views/css/views4868.css]
[sites/all/modules/contrib/cookiebot/css/cookiebot4868.css]
[sites/all/modules/contrib/ctools/css/ctools4868.css]
[sites/all/modules/contrib/panels/css/panels4868.css]
[sites/all/modules/contrib/wysiwyg_linebreaks/wysiwyg_linebreaks4868.css]
[sites/all/modules/contrib/flexslider/assets/css/flexslider_img4868.css]
[sites/all/libraries/flexslider/flexslider4868.css]
[sites/all/themes/custom/weather/css/styles4868.css]
[sites/all/modules/contrib/google_analytics/googleanalytics4868.html]
[sites/all/modules/contrib/matomo/matomo4868.html]
[sites/all/modules/contrib/field_group/field_group4868.html]
[sites/all/themes/custom/weather/js/script4868.html]
[sites/default/files/styles/slider_image/public/images/blocks/sliders/iaf_with_ruairi_de_burca3-cropeff6.html]
[sites/default/files/styles/slider_image/public/images/blocks/sliders/file57f8.html]
[sites/default/files/styles/slider_image/public/images/blocks/sliders/gedc02341a51.html]
[sites/default/files/styles/slider_image/public/images/blocks/sliders/instagram_irelandfellowsc67b.html]
[sites/default/files/styles/slider_image/public/images/blocks/sliders/group9d4f.html]
[sites/default/files/styles/slider_image/public/images/blocks/sliders/nigeria_263a4.html]
[sites/default/files/styles/slider_image/public/images/blocks/sliders/zambia_2b3b5.html]
[sites/default/files/styles/case_study_profile/public/images/case-studies/profile-image/mekbib_kassahun_ethiopia_3-cropbd69.html]
[sites/default/files/styles/newsletter_homepage/public/images/updates-block/image4ce3.html]
[sites/default/files/styles/newsletter_homepage/public/images/updates-block/1727887140833bf66.html]
[sites/default/files/images/paragraphs/image-and-or-text-bundle/our_programmes.html]
[sites/default/files/images/paragraphs/image-and-or-text-bundle/output-onlinepngtools_7.html]
[sites/all/modules/contrib/flexslider/assets/js/flexslider.load4868.html]
[misc/throbber-inactive.html]
[misc/throbber-active.html]
[misc/grippie.html]
[misc/draggable.html]
[misc/tree.html]
[misc/tree-bottom.html]
[sites/all/modules/contrib/ctools/images/status-active.html]
[sites/all/libraries/flexslider/fonts/flexslider-icon.html]
[sites/all/libraries/flexslider/fonts/flexslider-icond41d.html]
[sites/all/libraries/flexslider/fonts/flexslider-icon-2.html]
[sites/all/libraries/flexslider/fonts/flexslider-icon-3.html]
[sites/all/libraries/flexslider/fonts/flexslider-icon-4.html]
[sites/all/themes/custom/weather/images/progress8200.html]
[sites/all/themes/custom/weather/images/icon-download8200.html]
[sites/all/themes/custom/weather/images/icon-ext-link8200.html]
[sites/all/themes/custom/weather/images/icon-app-status8200.html]
[sites/all/themes/custom/weather/images/icon-search8200.html]
